mode = 1:cavity; mode = 2:stationary; mode = 3:rotation;
a_s=+0.0: completed 1/82 radius groups
a_s=+0.0: completed 5/82 radius groups
a_s=+0.0: completed 10/82 radius groups
a_s=+0.0: completed 15/82 radius groups
a_s=+0.0: completed 20/82 radius groups
a_s=+0.0: completed 25/82 radius groups
a_s=+0.0: completed 30/82 radius groups
a_s=+0.0: completed 35/82 radius groups
a_s=+0.0: completed 40/82 radius groups
a_s=+0.0: completed 45/82 radius groups
a_s=+0.0: completed 50/82 radius groups
a_s=+0.0: completed 55/82 radius groups
a_s=+0.0: completed 60/82 radius groups
a_s=+0.0: completed 65/82 radius groups
a_s=+0.0: completed 70/82 radius groups
a_s=+0.0: completed 75/82 radius groups
a_s=+0.0: completed 80/82 radius groups
a_s=+0.0: completed 82/82 radius groups
a_s=+0.0 complete: 3722/3722 samples, 927 envelope points
samples:  /home/zhj/Rotating-Flow-ToolKit/TwoDisk/zarf_spatial_growth_results/Ts_p0p0_N99/spatial_growth_samples.dat
envelope: /home/zhj/Rotating-Flow-ToolKit/TwoDisk/zarf_spatial_growth_results/Ts_p0p0_N99/spatial_growth_envelope.dat
